loadI 1024 => r0
loadI 2 => r1
storeAI r1 => r0, 0
loadI 5 => r2
storeAI r2 => r0, 4
loadI 2 => r3
loadI 4 => r4
loadI 3 => r5
mult r4, r5 => r6
add r3, r6 => r7
loadAI r0, 0 => r8
div r7, r8 => r9
storeAI r9 => r0, 8
loadAI r0, 8 => r10
loadI 2 => r11
div r10, r11 => r12
storeAI r12 => r0, 12
outputAI r0, 12
