loadI 1024 => r0
loadAI r0, 0 => r1
loadI 5 => r2
add r1, r2 => r3
storeAI r3 => r0, 4
outputAI r0, 0
outputAI r0, 4
loadI 8 => r4
loadI 4 => r5
mult r4, r5 => r6
storeAI r6 => r0, 0
outputAI r0, 0
outputAI r0, 4
