loadI 1024 => r0
loadI 1 => r1
storeAI r1 => r0, 0
loadAI r0, 0 => r2
loadI 1 => r3
add r2, r3 => r4
storeAI r4 => r0, 4
loadI 2 => r5
storeAI r5 => r0, 0
outputAI r0, 0
