loadI 1024 => r0
loadAI r0, 0 => r1
loadI 2 => r2
div r1, r2 => r3
loadI 4 => r4
mult r3, r4 => r5
storeAI r5 => r0, 4
outputAI r0, 0
loadI 5 => r6
loadAI r0, 4 => r7
add r6, r7 => r8
storeAI r8 => r0, 8
outputAI r0, 4
